// Vitest Snapshot v1, https://vitest.dev/guide/snapshot.html

exports[`Application Validation Controller > should return a 200 status code and save application result 1`] = `
{
  "application_id": "123",
  "created_at": 2026-01-07T09:33:00.710Z,
  "crn": null,
  "data": {
    "application": {
      "agreementLevelActions": [],
      "parcels": [
        {
          "actions": [
            {
              "code": "CMOR1",
              "quantity": 1,
            },
            {
              "code": "UPL1",
              "quantity": 1,
            },
          ],
          "parcelId": "3385",
          "sheetId": "SD6743",
        },
      ],
    },
    "applicationId": "123",
    "applicationLevelResults": {},
    "date": "2026-01-07T09:33:00.710Z",
    "hasPassed": false,
    "landGrantsApiVersion": "unknown",
    "parcelLevelResults": [
      {
        "actions": [
          {
            "actionConfigVersion": "",
            "availableArea": {
              "areaInHa": 9.8795,
              "explanations": [
                {
                  "content": [
                    "Action code - CMOR1",
                    "Parcel Id - SD6743 3385",
                  ],
                  "title": "Application Information",
                },
                {
                  "content": [
                    "Permanent grassland (131) - 9.8795 ha",
                  ],
                  "title": "Land Covers For Parcel",
                },
                {
                  "content": [],
                  "title": "Existing actions",
                },
                {
                  "content": [
                    "Permanent grassland (130) - Permanent grassland (131)",
                    "Water/irrigation features (240) - Drain/ditch/dyke (241)",
                    "Water/irrigation features (240) - Pond (243)",
                    "Rock (250) - Scree (251)",
                    "Rock (250) - Boulders (252)",
                    "Rock (250) - Rocky outcrop (253)",
                    "Heaps (270) - Heaps (271)",
                    "Notional features (280) - Notional - rock (281)",
                    "Notional features (280) - Notional - bracken (282)",
                    "Notional features (280) - Notional - scrub (283)",
                    "Notional features (280) - Notional - water (285)",
                    "Notional features (280) - Notional - natural (286)",
                    "Notional features (280) - Notional - manmade (287)",
                    "Notional features (280) - Notional - mixed (288)",
                    "Non-agricultural area (300) - Non-agricultural area (300)",
                    "Woodland (330) - Scrub - ungrazeable (347)",
                    "Inland water (580) - Rivers and Streams Type 2 (582)",
                    "Inland water (580) - Rivers and Streams Type 3 (583)",
                    "Wetland (590) - Shingle (591)",
                    "Wetland (590) - Fen marsh & swamp (592)",
                    "Wetland (590) - Bog (593)",
                    "Coastal features (620) - Cliffs (621)",
                    "Natural transport - tracks and gallops (640) - Gallop (641)",
                    "Natural transport - tracks and gallops (640) - Track - natural surface (643)",
                    "Heath land and bracken (650) - Heath land and bracken - ungrazeable (651)",
                  ],
                  "title": "Valid land covers for action: CMOR1",
                },
                {
                  "content": [
                    "Permanent grassland (131) - 9.8795 ha",
                    "= 9.8795 ha",
                  ],
                  "title": "Total valid land covers",
                },
                {
                  "content": [
                    "",
                    "Actions included for stacking:",
                    "",
                    "None",
                  ],
                  "title": "Common land covers",
                },
                {
                  "content": [],
                  "title": "Find area of existing action that must be on the same land cover as CMOR1",
                },
                {
                  "content": [
                    "No existing actions so no stacks are needed",
                  ],
                  "title": "Stacks",
                },
                {
                  "content": [
                    "Total valid land cover: 9.8795 ha",
                    "= 9.8795 ha available for CMOR1",
                  ],
                  "title": "Result",
                },
              ],
            },
            "code": "CMOR1",
            "hasPassed": false,
            "rules": [
              {
                "description": "Is this parcel on the moorland?",
                "explanations": [
                  {
                    "lines": [
                      "This parcel has a 0% intersection with the moorland layer. The target is 51%.",
                    ],
                    "title": "moorland check",
                  },
                ],
                "name": "parcel-has-intersection-with-data-layer-moorland",
                "passed": false,
                "reason": "This parcel is not majority on the moorland",
              },
              {
                "description": "Has the total available area been applied for?",
                "explanations": [
                  {
                    "lines": [
                      "The available area was (9.8795 ha) the applicant applied for (1 ha)",
                    ],
                    "title": "Total valid land cover",
                  },
                ],
                "name": "applied-for-total-available-area",
                "passed": false,
                "reason": "There is not sufficient available area (9.8795 ha) for the applied figure (1 ha)",
              },
            ],
          },
          {
            "actionConfigVersion": "",
            "availableArea": {
              "areaInHa": 9.8795,
              "explanations": [
                {
                  "content": [
                    "Action code - UPL1",
                    "Parcel Id - SD6743 3385",
                  ],
                  "title": "Application Information",
                },
                {
                  "content": [
                    "Permanent grassland (131) - 9.8795 ha",
                  ],
                  "title": "Land Covers For Parcel",
                },
                {
                  "content": [],
                  "title": "Existing actions",
                },
                {
                  "content": [
                    "Permanent grassland (130) - Permanent grassland (131)",
                    "Water/irrigation features (240) - Drain/ditch/dyke (241)",
                    "Water/irrigation features (240) - Pond (243)",
                    "Rock (250) - Scree (251)",
                    "Rock (250) - Boulders (252)",
                    "Rock (250) - Rocky outcrop (253)",
                    "Heaps (270) - Heaps (271)",
                    "Notional features (280) - Notional - rock (281)",
                    "Notional features (280) - Notional - bracken (282)",
                    "Notional features (280) - Notional - scrub (283)",
                    "Notional features (280) - Notional - water (285)",
                    "Notional features (280) - Notional - natural (286)",
                    "Notional features (280) - Notional - manmade (287)",
                    "Notional features (280) - Notional - mixed (288)",
                    "Non-agricultural area (300) - Non-agricultural area (300)",
                    "Woodland (330) - Scrub - ungrazeable (347)",
                    "Inland water (580) - Rivers and Streams Type 2 (582)",
                    "Inland water (580) - Rivers and Streams Type 3 (583)",
                    "Wetland (590) - Shingle (591)",
                    "Wetland (590) - Fen marsh & swamp (592)",
                    "Wetland (590) - Bog (593)",
                    "Coastal features (620) - Cliffs (621)",
                    "Natural transport - tracks and gallops (640) - Gallop (641)",
                    "Natural transport - tracks and gallops (640) - Track - natural surface (643)",
                    "Heath land and bracken (650) - Heath land and bracken - ungrazeable (651)",
                  ],
                  "title": "Valid land covers for action: UPL1",
                },
                {
                  "content": [
                    "Permanent grassland (131) - 9.8795 ha",
                    "= 9.8795 ha",
                  ],
                  "title": "Total valid land covers",
                },
                {
                  "content": [
                    "",
                    "Actions included for stacking:",
                    "",
                    "None",
                  ],
                  "title": "Common land covers",
                },
                {
                  "content": [],
                  "title": "Find area of existing action that must be on the same land cover as UPL1",
                },
                {
                  "content": [
                    "No existing actions so no stacks are needed",
                  ],
                  "title": "Stacks",
                },
                {
                  "content": [
                    "Total valid land cover: 9.8795 ha",
                    "= 9.8795 ha available for UPL1",
                  ],
                  "title": "Result",
                },
              ],
            },
            "code": "UPL1",
            "hasPassed": false,
            "rules": [
              {
                "description": "Is this parcel on the moorland?",
                "explanations": [
                  {
                    "lines": [
                      "This parcel has a 0% intersection with the moorland layer. The target is 51%.",
                    ],
                    "title": "moorland check",
                  },
                ],
                "name": "parcel-has-intersection-with-data-layer-moorland",
                "passed": false,
                "reason": "This parcel is not majority on the moorland",
              },
              {
                "description": "Has the total available area been applied for?",
                "explanations": [
                  {
                    "lines": [
                      "The available area was (9.8795 ha) the applicant applied for (1 ha)",
                    ],
                    "title": "Total valid land cover",
                  },
                ],
                "name": "applied-for-total-available-area",
                "passed": false,
                "reason": "There is not sufficient available area (9.8795 ha) for the applied figure (1 ha)",
              },
            ],
          },
        ],
        "parcelId": "3385",
        "sheetId": "SD6743",
      },
    ],
    "requester": "local",
  },
  "id": 7,
  "sbi": null,
}
`;
